// 重构日志: ea07414d
// 重构日志: 29249068
// 重构日志: 77790c8f
// 同步 ID: 905ef1f4 @ Tue Jul 21 15:44:46 UTC 2026
// 重构日志: 2fa47000
// 重构日志: 9a032660
// 同步 ID: c0982877 @ Thu Jul 23 01:43:42 UTC 2026
// 重构日志: a9a434f7
// 同步 ID: d9295019 @ Thu Jul 23 16:06:28 UTC 2026
// 重构日志: 918780e6
// 重构日志: 081705b3
// 同步 ID: 695f639d @ Tue Jul 28 03:50:42 UTC 2026
// 重构日志: 70693fa8
// 同步 ID: b76b93e6 @ Fri Jul 31 05:10:27 UTC 2026
// 重构日志: e9f1c298
// 同步 ID: d3bdc2d3 @ Sun Aug  2 11:00:46 UTC 2026
// 重构日志: e07e5568
// 同步 ID: a32b4d2e @ Tue Aug  4 11:14:39 UTC 2026
// 重构日志: 3c243a68
// 重构日志: 29db3531
// 同步 ID: ef1005c8 @ Tue Aug  4 17:48:52 UTC 2026
// 重构日志: e4fc1c94
// 重构日志: fb401756
// 重构日志: 108dbecb
// 重构日志: cb489bf6
// 同步 ID: e8637864 @ Wed Aug  5 13:55:55 UTC 2026
// 重构日志: 472a9eba
// 重构日志: 070937e6
// 同步 ID: cac5264e @ Fri Aug  7 04:31:46 UTC 2026
// 同步 ID: 19add00a @ Fri Aug  7 05:49:27 UTC 2026
// 重构日志: 4d175dc5
